// Jest Snapshot v1, https://goo.gl/fbAQLP

exports[`MonoText Component should match snapshot 1`] = `
<Text
  style={
    [
      {},
      [
        undefined,
        {
          "fontFamily": "SpaceMono",
        },
      ],
    ]
  }
>
  Snapshot test!
</Text>
`;
