// Jest Snapshot v1, https://goo.gl/fbAQLP

exports[`TabOneScreen renders correctly 1`] = `null`;
