// Jest Snapshot v1, https://goo.gl/fbAQLP

exports[`TabTwoScreen renders correctly 1`] = `null`;
